[2026-05-09 08:00:33,215] INFO [Broker id=1] Transitioning 53 partition(s) to local leaders. (state.change.logger)
[2026-05-09 08:00:33,230] INFO [Broker id=1] Creating new partition __consumer_offsets-13 with topic id xCYndldWSI-roGJw_U6Vpw. (state.change.logger)
[2026-05-09 08:00:33,280] INFO [Broker id=1] Leader __consumer_offsets-13 with topic id Some(xCYndldWSI-roGJw_U6Vpw) starts at leader epoch 6 from offset 0 with partition epoch 6, high watermark 0, ISR [1], adding replicas [] and removing replicas [] . Previous leader None and previous leader epoch was -1. (state.change.logger)
[2026-05-09 08:00:33,285] INFO [Broker id=1] Creating new partition __consumer_offsets-46 with topic id xCYndldWSI-roGJw_U6Vpw. (state.change.logger)
[2026-05-09 08:00:33,285] INFO [Broker id=1] Leader __consumer_offsets-46 with topic id Some(xCYndldWSI-roGJw_U6Vpw) starts at leader epoch 6 from offset 3 with partition epoch 6, high watermark 3, ISR [1], adding replicas [] and removing replicas [] . Previous leader None and previous leader epoch was -1. (state.change.logger)
[2026-05-09 08:00:33,290] INFO [Broker id=1] Creating new partition __consumer_offsets-9 with topic id xCYndldWSI-roGJw_U6Vpw. (state.change.logger)
[2026-05-09 08:00:33,292] INFO [Broker id=1] Leader __consumer_offsets-9 with topic id Some(xCYndldWSI-roGJw_U6Vpw) starts at leader epoch 6 from offset 0 with partition epoch 6, high watermark 0, ISR [1], adding replicas [] and removing replicas [] . Previous leader None and previous leader epoch was -1. (state.change.logger)
[2026-05-09 08:00:33,296] INFO [Broker id=1] Creating new partition __consumer_offsets-42 with topic id xCYndldWSI-roGJw_U6Vpw. (state.change.logger)
[2026-05-09 08:00:33,299] INFO [Broker id=1] Leader __consumer_offsets-42 with topic id Some(xCYndldWSI-roGJw_U6Vpw) starts at leader epoch 6 from offset 0 with partition epoch 6, high watermark 0, ISR [1], adding replicas [] and removing replicas [] . Previous leader None and previous leader epoch was -1. (state.change.logger)
[2026-05-09 08:00:33,302] INFO [Broker id=1] Creating new partition __consumer_offsets-21 with topic id xCYndldWSI-roGJw_U6Vpw. (state.change.logger)
[2026-05-09 08:00:33,304] INFO [Broker id=1] Leader __consumer_offsets-21 with topic id Some(xCYndldWSI-roGJw_U6Vpw) starts at leader epoch 6 from offset 0 with partition epoch 6, high watermark 0, ISR [1], adding replicas [] and removing replicas [] . Previous leader None and previous leader epoch was -1. (state.change.logger)
[2026-05-09 08:00:33,308] INFO [Broker id=1] Creating new partition __consumer_offsets-17 with topic id xCYndldWSI-roGJw_U6Vpw. (state.change.logger)
[2026-05-09 08:00:33,311] INFO [Broker id=1] Leader __consumer_offsets-17 with topic id Some(xCYndldWSI-roGJw_U6Vpw) starts at leader epoch 6 from offset 0 with partition epoch 6, high watermark 0, ISR [1], adding replicas [] and removing replicas [] . Previous leader None and previous leader epoch was -1. (state.change.logger)
[2026-05-09 08:00:33,314] INFO [Broker id=1] Creating new partition __consumer_offsets-30 with topic id xCYndldWSI-roGJw_U6Vpw. (state.change.logger)
[2026-05-09 08:00:33,316] INFO [Broker id=1] Leader __consumer_offsets-30 with topic id Some(xCYndldWSI-roGJw_U6Vpw) starts at leader epoch 6 from offset 0 with partition epoch 6, high watermark 0, ISR [1], adding replicas [] and removing replicas [] . Previous leader None and previous leader epoch was -1. (state.change.logger)
[2026-05-09 08:00:33,320] INFO [Broker id=1] Creating new partition __consumer_offsets-26 with topic id xCYndldWSI-roGJw_U6Vpw. (state.change.logger)
[2026-05-09 08:00:33,321] INFO [Broker id=1] Leader __consumer_offsets-26 with topic id Some(xCYndldWSI-roGJw_U6Vpw) starts at leader epoch 6 from offset 0 with partition epoch 6, high watermark 0, ISR [1], adding replicas [] and removing replicas [] . Previous leader None and previous leader epoch was -1. (state.change.logger)
[2026-05-09 08:00:33,327] INFO [Broker id=1] Creating new partition __consumer_offsets-5 with topic id xCYndldWSI-roGJw_U6Vpw. (state.change.logger)
[2026-05-09 08:00:33,329] INFO [Broker id=1] Leader __consumer_offsets-5 with topic id Some(xCYndldWSI-roGJw_U6Vpw) starts at leader epoch 6 from offset 0 with partition epoch 6, high watermark 0, ISR [1], adding replicas [] and removing replicas [] . Previous leader None and previous leader epoch was -1. (state.change.logger)
[2026-05-09 08:00:33,332] INFO [Broker id=1] Creating new partition __consumer_offsets-38 with topic id xCYndldWSI-roGJw_U6Vpw. (state.change.logger)
[2026-05-09 08:00:33,333] INFO [Broker id=1] Leader __consumer_offsets-38 with topic id Some(xCYndldWSI-roGJw_U6Vpw) starts at leader epoch 6 from offset 0 with partition epoch 6, high watermark 0, ISR [1], adding replicas [] and removing replicas [] . Previous leader None and previous leader epoch was -1. (state.change.logger)
[2026-05-09 08:00:33,337] INFO [Broker id=1] Creating new partition __consumer_offsets-1 with topic id xCYndldWSI-roGJw_U6Vpw. (state.change.logger)
[2026-05-09 08:00:33,337] INFO [Broker id=1] Leader __consumer_offsets-1 with topic id Some(xCYndldWSI-roGJw_U6Vpw) starts at leader epoch 6 from offset 0 with partition epoch 6, high watermark 0, ISR [1], adding replicas [] and removing replicas [] . Previous leader None and previous leader epoch was -1. (state.change.logger)
[2026-05-09 08:00:33,343] INFO [Broker id=1] Creating new partition __consumer_offsets-34 with topic id xCYndldWSI-roGJw_U6Vpw. (state.change.logger)
[2026-05-09 08:00:33,344] INFO [Broker id=1] Leader __consumer_offsets-34 with topic id Some(xCYndldWSI-roGJw_U6Vpw) starts at leader epoch 6 from offset 0 with partition epoch 6, high watermark 0, ISR [1], adding replicas [] and removing replicas [] . Previous leader None and previous leader epoch was -1. (state.change.logger)
[2026-05-09 08:00:33,344] INFO [Broker id=1] Creating new partition __consumer_offsets-16 with topic id xCYndldWSI-roGJw_U6Vpw. (state.change.logger)
[2026-05-09 08:00:33,344] INFO [Broker id=1] Leader __consumer_offsets-16 with topic id Some(xCYndldWSI-roGJw_U6Vpw) starts at leader epoch 6 from offset 0 with partition epoch 6, high watermark 0, ISR [1], adding replicas [] and removing replicas [] . Previous leader None and previous leader epoch was -1. (state.change.logger)
[2026-05-09 08:00:33,352] INFO [Broker id=1] Creating new partition __consumer_offsets-45 with topic id xCYndldWSI-roGJw_U6Vpw. (state.change.logger)
[2026-05-09 08:00:33,354] INFO [Broker id=1] Leader __consumer_offsets-45 with topic id Some(xCYndldWSI-roGJw_U6Vpw) starts at leader epoch 6 from offset 0 with partition epoch 6, high watermark 0, ISR [1], adding replicas [] and removing replicas [] . Previous leader None and previous leader epoch was -1. (state.change.logger)
[2026-05-09 08:00:33,358] INFO [Broker id=1] Creating new partition __consumer_offsets-12 with topic id xCYndldWSI-roGJw_U6Vpw. (state.change.logger)
[2026-05-09 08:00:33,360] INFO [Broker id=1] Leader __consumer_offsets-12 with topic id Some(xCYndldWSI-roGJw_U6Vpw) starts at leader epoch 6 from offset 0 with partition epoch 6, high watermark 0, ISR [1], adding replicas [] and removing replicas [] . Previous leader None and previous leader epoch was -1. (state.change.logger)
[2026-05-09 08:00:33,368] INFO [Broker id=1] Creating new partition __consumer_offsets-41 with topic id xCYndldWSI-roGJw_U6Vpw. (state.change.logger)
[2026-05-09 08:00:33,369] INFO [Broker id=1] Leader __consumer_offsets-41 with topic id Some(xCYndldWSI-roGJw_U6Vpw) starts at leader epoch 6 from offset 3 with partition epoch 6, high watermark 3, ISR [1], adding replicas [] and removing replicas [] . Previous leader None and previous leader epoch was -1. (state.change.logger)
[2026-05-09 08:00:33,369] INFO [Broker id=1] Creating new partition __consumer_offsets-24 with topic id xCYndldWSI-roGJw_U6Vpw. (state.change.logger)
[2026-05-09 08:00:33,370] INFO [Broker id=1] Leader __consumer_offsets-24 with topic id Some(xCYndldWSI-roGJw_U6Vpw) starts at leader epoch 6 from offset 0 with partition epoch 6, high watermark 0, ISR [1], adding replicas [] and removing replicas [] . Previous leader None and previous leader epoch was -1. (state.change.logger)
[2026-05-09 08:00:33,375] INFO [Broker id=1] Creating new partition __consumer_offsets-20 with topic id xCYndldWSI-roGJw_U6Vpw. (state.change.logger)
[2026-05-09 08:00:33,377] INFO [Broker id=1] Leader __consumer_offsets-20 with topic id Some(xCYndldWSI-roGJw_U6Vpw) starts at leader epoch 6 from offset 0 with partition epoch 6, high watermark 0, ISR [1], adding replicas [] and removing replicas [] . Previous leader None and previous leader epoch was -1. (state.change.logger)
[2026-05-09 08:00:33,381] INFO [Broker id=1] Creating new partition __consumer_offsets-49 with topic id xCYndldWSI-roGJw_U6Vpw. (state.change.logger)
[2026-05-09 08:00:33,382] INFO [Broker id=1] Leader __consumer_offsets-49 with topic id Some(xCYndldWSI-roGJw_U6Vpw) starts at leader epoch 6 from offset 0 with partition epoch 6, high watermark 0, ISR [1], adding replicas [] and removing replicas [] . Previous leader None and previous leader epoch was -1. (state.change.logger)
[2026-05-09 08:00:33,386] INFO [Broker id=1] Creating new partition __consumer_offsets-0 with topic id xCYndldWSI-roGJw_U6Vpw. (state.change.logger)
[2026-05-09 08:00:33,387] INFO [Broker id=1] Leader __consumer_offsets-0 with topic id Some(xCYndldWSI-roGJw_U6Vpw) starts at leader epoch 6 from offset 0 with partition epoch 6, high watermark 0, ISR [1], adding replicas [] and removing replicas [] . Previous leader None and previous leader epoch was -1. (state.change.logger)
[2026-05-09 08:00:33,392] INFO [Broker id=1] Creating new partition __consumer_offsets-29 with topic id xCYndldWSI-roGJw_U6Vpw. (state.change.logger)
[2026-05-09 08:00:33,395] INFO [Broker id=1] Leader __consumer_offsets-29 with topic id Some(xCYndldWSI-roGJw_U6Vpw) starts at leader epoch 6 from offset 1 with partition epoch 6, high watermark 1, ISR [1], adding replicas [] and removing replicas [] . Previous leader None and previous leader epoch was -1. (state.change.logger)
[2026-05-09 08:00:33,395] INFO [Broker id=1] Creating new partition test1-0 with topic id 5UN4y879QKa6xjUCTE1Sxg. (state.change.logger)
[2026-05-09 08:00:33,397] INFO [Broker id=1] Leader test1-0 with topic id Some(5UN4y879QKa6xjUCTE1Sxg) starts at leader epoch 2 from offset 0 with partition epoch 2, high watermark 0, ISR [1], adding replicas [] and removing replicas [] . Previous leader None and previous leader epoch was -1. (state.change.logger)
[2026-05-09 08:00:33,400] INFO [Broker id=1] Creating new partition __consumer_offsets-25 with topic id xCYndldWSI-roGJw_U6Vpw. (state.change.logger)
[2026-05-09 08:00:33,400] INFO [Broker id=1] Leader __consumer_offsets-25 with topic id Some(xCYndldWSI-roGJw_U6Vpw) starts at leader epoch 6 from offset 7 with partition epoch 6, high watermark 7, ISR [1], adding replicas [] and removing replicas [] . Previous leader None and previous leader epoch was -1. (state.change.logger)
[2026-05-09 08:00:33,405] INFO [Broker id=1] Creating new partition __consumer_offsets-8 with topic id xCYndldWSI-roGJw_U6Vpw. (state.change.logger)
[2026-05-09 08:00:33,407] INFO [Broker id=1] Leader __consumer_offsets-8 with topic id Some(xCYndldWSI-roGJw_U6Vpw) starts at leader epoch 6 from offset 0 with partition epoch 6, high watermark 0, ISR [1], adding replicas [] and removing replicas [] . Previous leader None and previous leader epoch was -1. (state.change.logger)
[2026-05-09 08:00:33,411] INFO [Broker id=1] Creating new partition __consumer_offsets-37 with topic id xCYndldWSI-roGJw_U6Vpw. (state.change.logger)
[2026-05-09 08:00:33,413] INFO [Broker id=1] Leader __consumer_offsets-37 with topic id Some(xCYndldWSI-roGJw_U6Vpw) starts at leader epoch 6 from offset 0 with partition epoch 6, high watermark 0, ISR [1], adding replicas [] and removing replicas [] . Previous leader None and previous leader epoch was -1. (state.change.logger)
[2026-05-09 08:00:33,416] INFO [Broker id=1] Creating new partition __consumer_offsets-4 with topic id xCYndldWSI-roGJw_U6Vpw. (state.change.logger)
[2026-05-09 08:00:33,417] INFO [Broker id=1] Leader __consumer_offsets-4 with topic id Some(xCYndldWSI-roGJw_U6Vpw) starts at leader epoch 6 from offset 0 with partition epoch 6, high watermark 0, ISR [1], adding replicas [] and removing replicas [] . Previous leader None and previous leader epoch was -1. (state.change.logger)
[2026-05-09 08:00:33,420] INFO [Broker id=1] Creating new partition __consumer_offsets-33 with topic id xCYndldWSI-roGJw_U6Vpw. (state.change.logger)
[2026-05-09 08:00:33,424] INFO [Broker id=1] Leader __consumer_offsets-33 with topic id Some(xCYndldWSI-roGJw_U6Vpw) starts at leader epoch 6 from offset 0 with partition epoch 6, high watermark 0, ISR [1], adding replicas [] and removing replicas [] . Previous leader None and previous leader epoch was -1. (state.change.logger)
[2026-05-09 08:00:33,428] INFO [Broker id=1] Creating new partition __consumer_offsets-15 with topic id xCYndldWSI-roGJw_U6Vpw. (state.change.logger)
[2026-05-09 08:00:33,429] INFO [Broker id=1] Leader __consumer_offsets-15 with topic id Some(xCYndldWSI-roGJw_U6Vpw) starts at leader epoch 6 from offset 0 with partition epoch 6, high watermark 0, ISR [1], adding replicas [] and removing replicas [] . Previous leader None and previous leader epoch was -1. (state.change.logger)
[2026-05-09 08:00:33,431] INFO [Broker id=1] Creating new partition __consumer_offsets-48 with topic id xCYndldWSI-roGJw_U6Vpw. (state.change.logger)
[2026-05-09 08:00:33,433] INFO [Broker id=1] Leader __consumer_offsets-48 with topic id Some(xCYndldWSI-roGJw_U6Vpw) starts at leader epoch 6 from offset 0 with partition epoch 6, high watermark 0, ISR [1], adding replicas [] and removing replicas [] . Previous leader None and previous leader epoch was -1. (state.change.logger)
[2026-05-09 08:00:33,436] INFO [Broker id=1] Creating new partition __consumer_offsets-11 with topic id xCYndldWSI-roGJw_U6Vpw. (state.change.logger)
[2026-05-09 08:00:33,436] INFO [Broker id=1] Leader __consumer_offsets-11 with topic id Some(xCYndldWSI-roGJw_U6Vpw) starts at leader epoch 6 from offset 0 with partition epoch 6, high watermark 0, ISR [1], adding replicas [] and removing replicas [] . Previous leader None and previous leader epoch was -1. (state.change.logger)
[2026-05-09 08:00:33,442] INFO [Broker id=1] Creating new partition __consumer_offsets-44 with topic id xCYndldWSI-roGJw_U6Vpw. (state.change.logger)
[2026-05-09 08:00:33,443] INFO [Broker id=1] Leader __consumer_offsets-44 with topic id Some(xCYndldWSI-roGJw_U6Vpw) starts at leader epoch 6 from offset 0 with partition epoch 6, high watermark 0, ISR [1], adding replicas [] and removing replicas [] . Previous leader None and previous leader epoch was -1. (state.change.logger)
[2026-05-09 08:00:33,444] INFO [Broker id=1] Creating new partition __consumer_offsets-23 with topic id xCYndldWSI-roGJw_U6Vpw. (state.change.logger)
[2026-05-09 08:00:33,444] INFO [Broker id=1] Leader __consumer_offsets-23 with topic id Some(xCYndldWSI-roGJw_U6Vpw) starts at leader epoch 6 from offset 0 with partition epoch 6, high watermark 0, ISR [1], adding replicas [] and removing replicas [] . Previous leader None and previous leader epoch was -1. (state.change.logger)
[2026-05-09 08:00:33,451] INFO [Broker id=1] Creating new partition __consumer_offsets-19 with topic id xCYndldWSI-roGJw_U6Vpw. (state.change.logger)
[2026-05-09 08:00:33,452] INFO [Broker id=1] Leader __consumer_offsets-19 with topic id Some(xCYndldWSI-roGJw_U6Vpw) starts at leader epoch 6 from offset 0 with partition epoch 6, high watermark 0, ISR [1], adding replicas [] and removing replicas [] . Previous leader None and previous leader epoch was -1. (state.change.logger)
[2026-05-09 08:00:33,454] INFO [Broker id=1] Creating new partition __consumer_offsets-32 with topic id xCYndldWSI-roGJw_U6Vpw. (state.change.logger)
[2026-05-09 08:00:33,457] INFO [Broker id=1] Leader __consumer_offsets-32 with topic id Some(xCYndldWSI-roGJw_U6Vpw) starts at leader epoch 6 from offset 0 with partition epoch 6, high watermark 0, ISR [1], adding replicas [] and removing replicas [] . Previous leader None and previous leader epoch was -1. (state.change.logger)
[2026-05-09 08:00:33,462] INFO [Broker id=1] Creating new partition __consumer_offsets-28 with topic id xCYndldWSI-roGJw_U6Vpw. (state.change.logger)
[2026-05-09 08:00:33,463] INFO [Broker id=1] Leader __consumer_offsets-28 with topic id Some(xCYndldWSI-roGJw_U6Vpw) starts at leader epoch 6 from offset 0 with partition epoch 6, high watermark 0, ISR [1], adding replicas [] and removing replicas [] . Previous leader None and previous leader epoch was -1. (state.change.logger)
[2026-05-09 08:00:33,465] INFO [Broker id=1] Creating new partition __consumer_offsets-7 with topic id xCYndldWSI-roGJw_U6Vpw. (state.change.logger)
[2026-05-09 08:00:33,466] INFO [Broker id=1] Leader __consumer_offsets-7 with topic id Some(xCYndldWSI-roGJw_U6Vpw) starts at leader epoch 6 from offset 0 with partition epoch 6, high watermark 0, ISR [1], adding replicas [] and removing replicas [] . Previous leader None and previous leader epoch was -1. (state.change.logger)
[2026-05-09 08:00:33,469] INFO [Broker id=1] Creating new partition __consumer_offsets-40 with topic id xCYndldWSI-roGJw_U6Vpw. (state.change.logger)
[2026-05-09 08:00:33,469] INFO [Broker id=1] Leader __consumer_offsets-40 with topic id Some(xCYndldWSI-roGJw_U6Vpw) starts at leader epoch 6 from offset 0 with partition epoch 6, high watermark 0, ISR [1], adding replicas [] and removing replicas [] . Previous leader None and previous leader epoch was -1. (state.change.logger)
[2026-05-09 08:00:33,474] INFO [Broker id=1] Creating new partition __consumer_offsets-3 with topic id xCYndldWSI-roGJw_U6Vpw. (state.change.logger)
[2026-05-09 08:00:33,476] INFO [Broker id=1] Leader __consumer_offsets-3 with topic id Some(xCYndldWSI-roGJw_U6Vpw) starts at leader epoch 6 from offset 3 with partition epoch 6, high watermark 3, ISR [1], adding replicas [] and removing replicas [] . Previous leader None and previous leader epoch was -1. (state.change.logger)
[2026-05-09 08:00:33,476] INFO [Broker id=1] Creating new partition __consumer_offsets-36 with topic id xCYndldWSI-roGJw_U6Vpw. (state.change.logger)
[2026-05-09 08:00:33,481] INFO [Broker id=1] Leader __consumer_offsets-36 with topic id Some(xCYndldWSI-roGJw_U6Vpw) starts at leader epoch 6 from offset 0 with partition epoch 6, high watermark 0, ISR [1], adding replicas [] and removing replicas [] . Previous leader None and previous leader epoch was -1. (state.change.logger)
[2026-05-09 08:00:33,488] INFO [Broker id=1] Creating new partition __consumer_offsets-47 with topic id xCYndldWSI-roGJw_U6Vpw. (state.change.logger)
[2026-05-09 08:00:33,489] INFO [Broker id=1] Leader __consumer_offsets-47 with topic id Some(xCYndldWSI-roGJw_U6Vpw) starts at leader epoch 6 from offset 0 with partition epoch 6, high watermark 0, ISR [1], adding replicas [] and removing replicas [] . Previous leader None and previous leader epoch was -1. (state.change.logger)
[2026-05-09 08:00:33,494] INFO [Broker id=1] Creating new partition __consumer_offsets-14 with topic id xCYndldWSI-roGJw_U6Vpw. (state.change.logger)
[2026-05-09 08:00:33,494] INFO [Broker id=1] Leader __consumer_offsets-14 with topic id Some(xCYndldWSI-roGJw_U6Vpw) starts at leader epoch 6 from offset 0 with partition epoch 6, high watermark 0, ISR [1], adding replicas [] and removing replicas [] . Previous leader None and previous leader epoch was -1. (state.change.logger)
[2026-05-09 08:00:33,498] INFO [Broker id=1] Creating new partition __consumer_offsets-43 with topic id xCYndldWSI-roGJw_U6Vpw. (state.change.logger)
[2026-05-09 08:00:33,500] INFO [Broker id=1] Leader __consumer_offsets-43 with topic id Some(xCYndldWSI-roGJw_U6Vpw) starts at leader epoch 6 from offset 0 with partition epoch 6, high watermark 0, ISR [1], adding replicas [] and removing replicas [] . Previous leader None and previous leader epoch was -1. (state.change.logger)
[2026-05-09 08:00:33,502] INFO [Broker id=1] Creating new partition test-0 with topic id zYtdNy5PR8aAqhwmnp5BlA. (state.change.logger)
[2026-05-09 08:00:33,503] INFO [Broker id=1] Leader test-0 with topic id Some(zYtdNy5PR8aAqhwmnp5BlA) starts at leader epoch 6 from offset 3 with partition epoch 6, high watermark 3, ISR [1], adding replicas [] and removing replicas [] . Previous leader None and previous leader epoch was -1. (state.change.logger)
[2026-05-09 08:00:33,503] INFO [Broker id=1] Creating new partition __consumer_offsets-10 with topic id xCYndldWSI-roGJw_U6Vpw. (state.change.logger)
[2026-05-09 08:00:33,507] INFO [Broker id=1] Leader __consumer_offsets-10 with topic id Some(xCYndldWSI-roGJw_U6Vpw) starts at leader epoch 6 from offset 0 with partition epoch 6, high watermark 0, ISR [1], adding replicas [] and removing replicas [] . Previous leader None and previous leader epoch was -1. (state.change.logger)
[2026-05-09 08:00:33,511] INFO [Broker id=1] Creating new partition __consumer_offsets-22 with topic id xCYndldWSI-roGJw_U6Vpw. (state.change.logger)
[2026-05-09 08:00:33,511] INFO [Broker id=1] Leader __consumer_offsets-22 with topic id Some(xCYndldWSI-roGJw_U6Vpw) starts at leader epoch 6 from offset 0 with partition epoch 6, high watermark 0, ISR [1], adding replicas [] and removing replicas [] . Previous leader None and previous leader epoch was -1. (state.change.logger)
[2026-05-09 08:00:33,516] INFO [Broker id=1] Creating new partition __consumer_offsets-18 with topic id xCYndldWSI-roGJw_U6Vpw. (state.change.logger)
[2026-05-09 08:00:33,517] INFO [Broker id=1] Leader __consumer_offsets-18 with topic id Some(xCYndldWSI-roGJw_U6Vpw) starts at leader epoch 6 from offset 0 with partition epoch 6, high watermark 0, ISR [1], adding replicas [] and removing replicas [] . Previous leader None and previous leader epoch was -1. (state.change.logger)
[2026-05-09 08:00:33,519] INFO [Broker id=1] Creating new partition __consumer_offsets-31 with topic id xCYndldWSI-roGJw_U6Vpw. (state.change.logger)
[2026-05-09 08:00:33,522] INFO [Broker id=1] Leader __consumer_offsets-31 with topic id Some(xCYndldWSI-roGJw_U6Vpw) starts at leader epoch 6 from offset 0 with partition epoch 6, high watermark 0, ISR [1], adding replicas [] and removing replicas [] . Previous leader None and previous leader epoch was -1. (state.change.logger)
[2026-05-09 08:00:33,527] INFO [Broker id=1] Creating new partition __consumer_offsets-27 with topic id xCYndldWSI-roGJw_U6Vpw. (state.change.logger)
[2026-05-09 08:00:33,528] INFO [Broker id=1] Leader __consumer_offsets-27 with topic id Some(xCYndldWSI-roGJw_U6Vpw) starts at leader epoch 6 from offset 0 with partition epoch 6, high watermark 0, ISR [1], adding replicas [] and removing replicas [] . Previous leader None and previous leader epoch was -1. (state.change.logger)
[2026-05-09 08:00:33,531] INFO [Broker id=1] Creating new partition __consumer_offsets-39 with topic id xCYndldWSI-roGJw_U6Vpw. (state.change.logger)
[2026-05-09 08:00:33,531] INFO [Broker id=1] Leader __consumer_offsets-39 with topic id Some(xCYndldWSI-roGJw_U6Vpw) starts at leader epoch 6 from offset 3 with partition epoch 6, high watermark 3, ISR [1], adding replicas [] and removing replicas [] . Previous leader None and previous leader epoch was -1. (state.change.logger)
[2026-05-09 08:00:33,535] INFO [Broker id=1] Creating new partition orders-0 with topic id WF0iuk0iTDGEkWp4RBMhyw. (state.change.logger)
[2026-05-09 08:00:33,538] INFO [Broker id=1] Leader orders-0 with topic id Some(WF0iuk0iTDGEkWp4RBMhyw) starts at leader epoch 2 from offset 2643 with partition epoch 2, high watermark 2642, ISR [1], adding replicas [] and removing replicas [] . Previous leader None and previous leader epoch was -1. (state.change.logger)
[2026-05-09 08:00:33,542] INFO [Broker id=1] Creating new partition __consumer_offsets-6 with topic id xCYndldWSI-roGJw_U6Vpw. (state.change.logger)
[2026-05-09 08:00:33,544] INFO [Broker id=1] Leader __consumer_offsets-6 with topic id Some(xCYndldWSI-roGJw_U6Vpw) starts at leader epoch 6 from offset 0 with partition epoch 6, high watermark 0, ISR [1], adding replicas [] and removing replicas [] . Previous leader None and previous leader epoch was -1. (state.change.logger)
[2026-05-09 08:00:33,546] INFO [Broker id=1] Creating new partition __consumer_offsets-35 with topic id xCYndldWSI-roGJw_U6Vpw. (state.change.logger)
[2026-05-09 08:00:33,548] INFO [Broker id=1] Leader __consumer_offsets-35 with topic id Some(xCYndldWSI-roGJw_U6Vpw) starts at leader epoch 6 from offset 0 with partition epoch 6, high watermark 0, ISR [1], adding replicas [] and removing replicas [] . Previous leader None and previous leader epoch was -1. (state.change.logger)
[2026-05-09 08:00:33,550] INFO [Broker id=1] Creating new partition __consumer_offsets-2 with topic id xCYndldWSI-roGJw_U6Vpw. (state.change.logger)
[2026-05-09 08:00:33,551] INFO [Broker id=1] Leader __consumer_offsets-2 with topic id Some(xCYndldWSI-roGJw_U6Vpw) starts at leader epoch 6 from offset 3 with partition epoch 6, high watermark 3, ISR [1], adding replicas [] and removing replicas [] . Previous leader None and previous leader epoch was -1. (state.change.logger)
